// Jest Snapshot v1, https://goo.gl/fbAQLP

exports[`should render ExpenseList component with expenses 1`] = `
<div>
  <h1>
    Expense List
  </h1>
  <ExpenseListItem
    amount={195}
    createdAt={0}
    description="Gum"
    id={1}
    key="1"
    note=""
  />
  <ExpenseListItem
    amount={299500}
    createdAt={-345600000}
    description="Rent"
    id={2}
    key="2"
    note="August rent"
  />
  <ExpenseListItem
    amount={5000}
    createdAt={345600000}
    description="food"
    id={3}
    key="3"
    note="yesterday dinnet"
  />
</div>
`;

exports[`should render ExpenseList component with no Expense 1`] = `
<div>
  <h1>
    Expense List
  </h1>
  <p>
    There is no Expense
  </p>
</div>
`;
