// Jest Snapshot v1, https://goo.gl/fbAQLP

exports[`should render HelpPage 1`] = `
<div>
  This is from my help component
</div>
`;
